186
aaabacd
aaabadc
aaabcad
aaabcda
aaabdac
aaabdca
aaacabd
aaacadb
aaacbad
aaacbda
aaacdab
aaacdba
aaadabc
aaadacb
aaadbac
aaadbca
aaadcab
aaadcba
aabaacd
aabaadc
aabacad
aabacda
aabadac
aabadca
aabcaad
aabcada
aabcdaa
aabdaac
aabdaca
aabdcaa
aacaabd
aacaadb
aacabad
aacabda
aacadab
aacadba
aacbaad
aacbada
aacbdaa
aacdaab
aacdaba
aacdbaa
aadaabc
aadaacb
aadabac
aadabca
aadacab
aadacba
aadbaac
aadbaca
aadbcaa
aadcaab
aadcaba
aadcbaa
abaaacd
abaaadc
abaacad
abaacda
abaadac
abaadca
abacaad
abacada
abacdaa
abadaac
abadaca
abadcaa
abcaaad
abcaada
abcadaa
abcdaaa
abdaaac
abdaaca
abdacaa
abdcaaa
acaaabd
acaaadb
acaabad
acaabda
acaadab
acaadba
acabaad
acabada
acabdaa
acadaab
acadaba
acadbaa
acbaaad
acbaada
acbadaa
acbdaaa
acdaaab
acdaaba
acdabaa
acdbaaa
adaaabc
adaaacb
adaabac
adaabca
adaacab
adaacba
adabaac
adabaca
adabcaa
adacaab
adacaba
adacbaa
adbaaac
adbaaca
adbacaa
adbcaaa
adcaaab
adcaaba
adcabaa
adcbaaa
baaacad
baaacda
baaadac
baaadca
baacaad
baacada
baacdaa
baadaac
baadaca
baadcaa
bacaaad
bacaada
bacadaa
bacdaaa
badaaac
badaaca
badacaa
badcaaa
bcaaada
bcaadaa
bcadaaa
bdaaaca
bdaacaa
bdacaaa
caaabad
caaabda
caaadab
caaadba
caabaad
caabada
caabdaa
caadaab
caadaba
caadbaa
cabaaad
cabaada
cabadaa
cabdaaa
cadaaab
cadaaba
cadabaa
cadbaaa
cbaaada
cbaadaa
cbadaaa
cdaaaba
cdaabaa
cdabaaa
daaabac
daaabca
daaacab
daaacba
daabaac
daabaca
daabcaa
daacaab
daacaba
daacbaa
dabaaac
dabaaca
dabacaa
dabcaaa
dacaaab
dacaaba
dacabaa
dacbaaa
dbaaaca
dbaacaa
dbacaaa
dcaaaba
dcaabaa
dcabaaa
