1260
aabcxxe
aabcxex
aabcexx
aabxcxe
aabxcex
aabxxce
aabxxec
aabxecx
aabxexc
aabecxx
aabexcx
aabexxc
aacbxxe
aacbxex
aacbexx
aacxbxe
aacxbex
aacxxbe
aacxxeb
aacxebx
aacxexb
aacebxx
aacexbx
aacexxb
aaxbcxe
aaxbcex
aaxbxce
aaxbxec
aaxbecx
aaxbexc
aaxcbxe
aaxcbex
aaxcxbe
aaxcxeb
aaxcebx
aaxcexb
aaxxbce
aaxxbec
aaxxcbe
aaxxceb
aaxxebc
aaxxecb
aaxebcx
aaxebxc
aaxecbx
aaxecxb
aaxexbc
aaxexcb
aaebcxx
aaebxcx
aaebxxc
aaecbxx
aaecxbx
aaecxxb
aaexbcx
aaexbxc
aaexcbx
aaexcxb
aaexxbc
aaexxcb
abacxxe
abacxex
abacexx
abaxcxe
abaxcex
abaxxce
abaxxec
abaxecx
abaxexc
abaecxx
abaexcx
abaexxc
abcaxxe
abcaxex
abcaexx
abcxaxe
abcxaex
abcxxae
abcxxea
abcxeax
abcxexa
abceaxx
abcexax
abcexxa
abxacxe
abxacex
abxaxce
abxaxec
abxaecx
abxaexc
abxcaxe
abxcaex
abxcxae
abxcxea
abxceax
abxcexa
abxxace
abxxaec
abxxcae
abxxcea
abxxeac
abxxeca
abxeacx
abxeaxc
abxecax
abxecxa
abxexac
abxexca
abeacxx
abeaxcx
abeaxxc
abecaxx
abecxax
abecxxa
abexacx
abexaxc
abexcax
abexcxa
abexxac
abexxca
acabxxe
acabxex
acabexx
acaxbxe
acaxbex
acaxxbe
acaxxeb
acaxebx
acaxexb
acaebxx
acaexbx
acaexxb
acbaxxe
acbaxex
acbaexx
acbxaxe
acbxaex
acbxxae
acbxxea
acbxeax
acbxexa
acbeaxx
acbexax
acbexxa
acxabxe
acxabex
acxaxbe
acxaxeb
acxaebx
acxaexb
acxbaxe
acxbaex
acxbxae
acxbxea
acxbeax
acxbexa
acxxabe
acxxaeb
acxxbae
acxxbea
acxxeab
acxxeba
acxeabx
acxeaxb
acxebax
acxebxa
acxexab
acxexba
aceabxx
aceaxbx
aceaxxb
acebaxx
acebxax
acebxxa
acexabx
acexaxb
acexbax
acexbxa
acexxab
acexxba
axabcxe
axabcex
axabxce
axabxec
axabecx
axabexc
axacbxe
axacbex
axacxbe
axacxeb
axacebx
axacexb
axaxbce
axaxbec
axaxcbe
axaxceb
axaxebc
axaxecb
axaebcx
axaebxc
axaecbx
axaecxb
axaexbc
axaexcb
axbacxe
axbacex
axbaxce
axbaxec
axbaecx
axbaexc
axbcaxe
axbcaex
axbcxae
axbcxea
axbceax
axbcexa
axbxace
axbxaec
axbxcae
axbxcea
axbxeac
axbxeca
axbeacx
axbeaxc
axbecax
axbecxa
axbexac
axbexca
axcabxe
axcabex
axcaxbe
axcaxeb
axcaebx
axcaexb
axcbaxe
axcbaex
axcbxae
axcbxea
axcbeax
axcbexa
axcxabe
axcxaeb
axcxbae
axcxbea
axcxeab
axcxeba
axceabx
axceaxb
axcebax
axcebxa
axcexab
axcexba
axxabce
axxabec
axxacbe
axxaceb
axxaebc
axxaecb
axxbace
axxbaec
axxbcae
axxbcea
axxbeac
axxbeca
axxcabe
axxcaeb
axxcbae
axxcbea
axxceab
axxceba
axxeabc
axxeacb
axxebac
axxebca
axxecab
axxecba
axeabcx
axeabxc
axeacbx
axeacxb
axeaxbc
axeaxcb
axebacx
axebaxc
axebcax
axebcxa
axebxac
axebxca
axecabx
axecaxb
axecbax
axecbxa
axecxab
axecxba
axexabc
axexacb
axexbac
axexbca
axexcab
axexcba
aeabcxx
aeabxcx
aeabxxc
aeacbxx
aeacxbx
aeacxxb
aeaxbcx
aeaxbxc
aeaxcbx
aeaxcxb
aeaxxbc
aeaxxcb
aebacxx
aebaxcx
aebaxxc
aebcaxx
aebcxax
aebcxxa
aebxacx
aebxaxc
aebxcax
aebxcxa
aebxxac
aebxxca
aecabxx
aecaxbx
aecaxxb
aecbaxx
aecbxax
aecbxxa
aecxabx
aecxaxb
aecxbax
aecxbxa
aecxxab
aecxxba
aexabcx
aexabxc
aexacbx
aexacxb
aexaxbc
aexaxcb
aexbacx
aexbaxc
aexbcax
aexbcxa
aexbxac
aexbxca
aexcabx
aexcaxb
aexcbax
aexcbxa
aexcxab
aexcxba
aexxabc
aexxacb
aexxbac
aexxbca
aexxcab
aexxcba
baacxxe
baacxex
baacexx
baaxcxe
baaxcex
baaxxce
baaxxec
baaxecx
baaxexc
baaecxx
baaexcx
baaexxc
bacaxxe
bacaxex
bacaexx
bacxaxe
bacxaex
bacxxae
bacxxea
bacxeax
bacxexa
baceaxx
bacexax
bacexxa
baxacxe
baxacex
baxaxce
baxaxec
baxaecx
baxaexc
baxcaxe
baxcaex
baxcxae
baxcxea
baxceax
baxcexa
baxxace
baxxaec
baxxcae
baxxcea
baxxeac
baxxeca
baxeacx
baxeaxc
baxecax
baxecxa
baxexac
baxexca
baeacxx
baeaxcx
baeaxxc
baecaxx
baecxax
baecxxa
baexacx
baexaxc
baexcax
baexcxa
baexxac
baexxca
bcaaxxe
bcaaxex
bcaaexx
bcaxaxe
bcaxaex
bcaxxae
bcaxxea
bcaxeax
bcaxexa
bcaeaxx
bcaexax
bcaexxa
bcxaaxe
bcxaaex
bcxaxae
bcxaxea
bcxaeax
bcxaexa
bcxxaae
bcxxaea
bcxxeaa
bcxeaax
bcxeaxa
bcxexaa
bceaaxx
bceaxax
bceaxxa
bcexaax
bcexaxa
bcexxaa
bxaacxe
bxaacex
bxaaxce
bxaaxec
bxaaecx
bxaaexc
bxacaxe
bxacaex
bxacxae
bxacxea
bxaceax
bxacexa
bxaxace
bxaxaec
bxaxcae
bxaxcea
bxaxeac
bxaxeca
bxaeacx
bxaeaxc
bxaecax
bxaecxa
bxaexac
bxaexca
bxcaaxe
bxcaaex
bxcaxae
bxcaxea
bxcaeax
bxcaexa
bxcxaae
bxcxaea
bxcxeaa
bxceaax
bxceaxa
bxcexaa
bxxaace
bxxaaec
bxxacae
bxxacea
bxxaeac
bxxaeca
bxxcaae
bxxcaea
bxxceaa
bxxeaac
bxxeaca
bxxecaa
bxeaacx
bxeaaxc
bxeacax
bxeacxa
bxeaxac
bxeaxca
bxecaax
bxecaxa
bxecxaa
bxexaac
bxexaca
bxexcaa
beaacxx
beaaxcx
beaaxxc
beacaxx
beacxax
beacxxa
beaxacx
beaxaxc
beaxcax
beaxcxa
beaxxac
beaxxca
becaaxx
becaxax
becaxxa
becxaax
becxaxa
becxxaa
bexaacx
bexaaxc
bexacax
bexacxa
bexaxac
bexaxca
bexcaax
bexcaxa
bexcxaa
bexxaac
bexxaca
bexxcaa
caabxxe
caabxex
caabexx
caaxbxe
caaxbex
caaxxbe
caaxxeb
caaxebx
caaxexb
caaebxx
caaexbx
caaexxb
cabaxxe
cabaxex
cabaexx
cabxaxe
cabxaex
cabxxae
cabxxea
cabxeax
cabxexa
cabeaxx
cabexax
cabexxa
caxabxe
caxabex
caxaxbe
caxaxeb
caxaebx
caxaexb
caxbaxe
caxbaex
caxbxae
caxbxea
caxbeax
caxbexa
caxxabe
caxxaeb
caxxbae
caxxbea
caxxeab
caxxeba
caxeabx
caxeaxb
caxebax
caxebxa
caxexab
caxexba
caeabxx
caeaxbx
caeaxxb
caebaxx
caebxax
caebxxa
caexabx
caexaxb
caexbax
caexbxa
caexxab
caexxba
cbaaxxe
cbaaxex
cbaaexx
cbaxaxe
cbaxaex
cbaxxae
cbaxxea
cbaxeax
cbaxexa
cbaeaxx
cbaexax
cbaexxa
cbxaaxe
cbxaaex
cbxaxae
cbxaxea
cbxaeax
cbxaexa
cbxxaae
cbxxaea
cbxxeaa
cbxeaax
cbxeaxa
cbxexaa
cbeaaxx
cbeaxax
cbeaxxa
cbexaax
cbexaxa
cbexxaa
cxaabxe
cxaabex
cxaaxbe
cxaaxeb
cxaaebx
cxaaexb
cxabaxe
cxabaex
cxabxae
cxabxea
cxabeax
cxabexa
cxaxabe
cxaxaeb
cxaxbae
cxaxbea
cxaxeab
cxaxeba
cxaeabx
cxaeaxb
cxaebax
cxaebxa
cxaexab
cxaexba
cxbaaxe
cxbaaex
cxbaxae
cxbaxea
cxbaeax
cxbaexa
cxbxaae
cxbxaea
cxbxeaa
cxbeaax
cxbeaxa
cxbexaa
cxxaabe
cxxaaeb
cxxabae
cxxabea
cxxaeab
cxxaeba
cxxbaae
cxxbaea
cxxbeaa
cxxeaab
cxxeaba
cxxebaa
cxeaabx
cxeaaxb
cxeabax
cxeabxa
cxeaxab
cxeaxba
cxebaax
cxebaxa
cxebxaa
cxexaab
cxexaba
cxexbaa
ceaabxx
ceaaxbx
ceaaxxb
ceabaxx
ceabxax
ceabxxa
ceaxabx
ceaxaxb
ceaxbax
ceaxbxa
ceaxxab
ceaxxba
cebaaxx
cebaxax
cebaxxa
cebxaax
cebxaxa
cebxxaa
cexaabx
cexaaxb
cexabax
cexabxa
cexaxab
cexaxba
cexbaax
cexbaxa
cexbxaa
cexxaab
cexxaba
cexxbaa
xaabcxe
xaabcex
xaabxce
xaabxec
xaabecx
xaabexc
xaacbxe
xaacbex
xaacxbe
xaacxeb
xaacebx
xaacexb
xaaxbce
xaaxbec
xaaxcbe
xaaxceb
xaaxebc
xaaxecb
xaaebcx
xaaebxc
xaaecbx
xaaecxb
xaaexbc
xaaexcb
xabacxe
xabacex
xabaxce
xabaxec
xabaecx
xabaexc
xabcaxe
xabcaex
xabcxae
xabcxea
xabceax
xabcexa
xabxace
xabxaec
xabxcae
xabxcea
xabxeac
xabxeca
xabeacx
xabeaxc
xabecax
xabecxa
xabexac
xabexca
xacabxe
xacabex
xacaxbe
xacaxeb
xacaebx
xacaexb
xacbaxe
xacbaex
xacbxae
xacbxea
xacbeax
xacbexa
xacxabe
xacxaeb
xacxbae
xacxbea
xacxeab
xacxeba
xaceabx
xaceaxb
xacebax
xacebxa
xacexab
xacexba
xaxabce
xaxabec
xaxacbe
xaxaceb
xaxaebc
xaxaecb
xaxbace
xaxbaec
xaxbcae
xaxbcea
xaxbeac
xaxbeca
xaxcabe
xaxcaeb
xaxcbae
xaxcbea
xaxceab
xaxceba
xaxeabc
xaxeacb
xaxebac
xaxebca
xaxecab
xaxecba
xaeabcx
xaeabxc
xaeacbx
xaeacxb
xaeaxbc
xaeaxcb
xaebacx
xaebaxc
xaebcax
xaebcxa
xaebxac
xaebxca
xaecabx
xaecaxb
xaecbax
xaecbxa
xaecxab
xaecxba
xaexabc
xaexacb
xaexbac
xaexbca
xaexcab
xaexcba
xbaacxe
xbaacex
xbaaxce
xbaaxec
xbaaecx
xbaaexc
xbacaxe
xbacaex
xbacxae
xbacxea
xbaceax
xbacexa
xbaxace
xbaxaec
xbaxcae
xbaxcea
xbaxeac
xbaxeca
xbaeacx
xbaeaxc
xbaecax
xbaecxa
xbaexac
xbaexca
xbcaaxe
xbcaaex
xbcaxae
xbcaxea
xbcaeax
xbcaexa
xbcxaae
xbcxaea
xbcxeaa
xbceaax
xbceaxa
xbcexaa
xbxaace
xbxaaec
xbxacae
xbxacea
xbxaeac
xbxaeca
xbxcaae
xbxcaea
xbxceaa
xbxeaac
xbxeaca
xbxecaa
xbeaacx
xbeaaxc
xbeacax
xbeacxa
xbeaxac
xbeaxca
xbecaax
xbecaxa
xbecxaa
xbexaac
xbexaca
xbexcaa
xcaabxe
xcaabex
xcaaxbe
xcaaxeb
xcaaebx
xcaaexb
xcabaxe
xcabaex
xcabxae
xcabxea
xcabeax
xcabexa
xcaxabe
xcaxaeb
xcaxbae
xcaxbea
xcaxeab
xcaxeba
xcaeabx
xcaeaxb
xcaebax
xcaebxa
xcaexab
xcaexba
xcbaaxe
xcbaaex
xcbaxae
xcbaxea
xcbaeax
xcbaexa
xcbxaae
xcbxaea
xcbxeaa
xcbeaax
xcbeaxa
xcbexaa
xcxaabe
xcxaaeb
xcxabae
xcxabea
xcxaeab
xcxaeba
xcxbaae
xcxbaea
xcxbeaa
xcxeaab
xcxeaba
xcxebaa
xceaabx
xceaaxb
xceabax
xceabxa
xceaxab
xceaxba
xcebaax
xcebaxa
xcebxaa
xcexaab
xcexaba
xcexbaa
xxaabce
xxaabec
xxaacbe
xxaaceb
xxaaebc
xxaaecb
xxabace
xxabaec
xxabcae
xxabcea
xxabeac
xxabeca
xxacabe
xxacaeb
xxacbae
xxacbea
xxaceab
xxaceba
xxaeabc
xxaeacb
xxaebac
xxaebca
xxaecab
xxaecba
xxbaace
xxbaaec
xxbacae
xxbacea
xxbaeac
xxbaeca
xxbcaae
xxbcaea
xxbceaa
xxbeaac
xxbeaca
xxbecaa
xxcaabe
xxcaaeb
xxcabae
xxcabea
xxcaeab
xxcaeba
xxcbaae
xxcbaea
xxcbeaa
xxceaab
xxceaba
xxcebaa
xxeaabc
xxeaacb
xxeabac
xxeabca
xxeacab
xxeacba
xxebaac
xxebaca
xxebcaa
xxecaab
xxecaba
xxecbaa
xeaabcx
xeaabxc
xeaacbx
xeaacxb
xeaaxbc
xeaaxcb
xeabacx
xeabaxc
xeabcax
xeabcxa
xeabxac
xeabxca
xeacabx
xeacaxb
xeacbax
xeacbxa
xeacxab
xeacxba
xeaxabc
xeaxacb
xeaxbac
xeaxbca
xeaxcab
xeaxcba
xebaacx
xebaaxc
xebacax
xebacxa
xebaxac
xebaxca
xebcaax
xebcaxa
xebcxaa
xebxaac
xebxaca
xebxcaa
xecaabx
xecaaxb
xecabax
xecabxa
xecaxab
xecaxba
xecbaax
xecbaxa
xecbxaa
xecxaab
xecxaba
xecxbaa
xexaabc
xexaacb
xexabac
xexabca
xexacab
xexacba
xexbaac
xexbaca
xexbcaa
xexcaab
xexcaba
xexcbaa
eaabcxx
eaabxcx
eaabxxc
eaacbxx
eaacxbx
eaacxxb
eaaxbcx
eaaxbxc
eaaxcbx
eaaxcxb
eaaxxbc
eaaxxcb
eabacxx
eabaxcx
eabaxxc
eabcaxx
eabcxax
eabcxxa
eabxacx
eabxaxc
eabxcax
eabxcxa
eabxxac
eabxxca
eacabxx
eacaxbx
eacaxxb
eacbaxx
eacbxax
eacbxxa
eacxabx
eacxaxb
eacxbax
eacxbxa
eacxxab
eacxxba
eaxabcx
eaxabxc
eaxacbx
eaxacxb
eaxaxbc
eaxaxcb
eaxbacx
eaxbaxc
eaxbcax
eaxbcxa
eaxbxac
eaxbxca
eaxcabx
eaxcaxb
eaxcbax
eaxcbxa
eaxcxab
eaxcxba
eaxxabc
eaxxacb
eaxxbac
eaxxbca
eaxxcab
eaxxcba
ebaacxx
ebaaxcx
ebaaxxc
ebacaxx
ebacxax
ebacxxa
ebaxacx
ebaxaxc
ebaxcax
ebaxcxa
ebaxxac
ebaxxca
ebcaaxx
ebcaxax
ebcaxxa
ebcxaax
ebcxaxa
ebcxxaa
ebxaacx
ebxaaxc
ebxacax
ebxacxa
ebxaxac
ebxaxca
ebxcaax
ebxcaxa
ebxcxaa
ebxxaac
ebxxaca
ebxxcaa
ecaabxx
ecaaxbx
ecaaxxb
ecabaxx
ecabxax
ecabxxa
ecaxabx
ecaxaxb
ecaxbax
ecaxbxa
ecaxxab
ecaxxba
ecbaaxx
ecbaxax
ecbaxxa
ecbxaax
ecbxaxa
ecbxxaa
ecxaabx
ecxaaxb
ecxabax
ecxabxa
ecxaxab
ecxaxba
ecxbaax
ecxbaxa
ecxbxaa
ecxxaab
ecxxaba
ecxxbaa
exaabcx
exaabxc
exaacbx
exaacxb
exaaxbc
exaaxcb
exabacx
exabaxc
exabcax
exabcxa
exabxac
exabxca
exacabx
exacaxb
exacbax
exacbxa
exacxab
exacxba
exaxabc
exaxacb
exaxbac
exaxbca
exaxcab
exaxcba
exbaacx
exbaaxc
exbacax
exbacxa
exbaxac
exbaxca
exbcaax
exbcaxa
exbcxaa
exbxaac
exbxaca
exbxcaa
excaabx
excaaxb
excabax
excabxa
excaxab
excaxba
excbaax
excbaxa
excbxaa
excxaab
excxaba
excxbaa
exxaabc
exxaacb
exxabac
exxabca
exxacab
exxacba
exxbaac
exxbaca
exxbcaa
exxcaab
exxcaba
exxcbaa
