3780
aaaabbcdd
aaaabbdcd
aaaabbddc
aaaabcbdd
aaaabcdbd
aaaabcddb
aaaabdbcd
aaaabdbdc
aaaabdcbd
aaaabdcdb
aaaabddbc
aaaabddcb
aaaacbbdd
aaaacbdbd
aaaacbddb
aaaacdbbd
aaaacdbdb
aaaacddbb
aaaadbbcd
aaaadbbdc
aaaadbcbd
aaaadbcdb
aaaadbdbc
aaaadbdcb
aaaadcbbd
aaaadcbdb
aaaadcdbb
aaaaddbbc
aaaaddbcb
aaaaddcbb
aaababcdd
aaababdcd
aaababddc
aaabacbdd
aaabacdbd
aaabacddb
aaabadbcd
aaabadbdc
aaabadcbd
aaabadcdb
aaabaddbc
aaabaddcb
aaabbacdd
aaabbadcd
aaabbaddc
aaabbcadd
aaabbcdad
aaabbcdda
aaabbdacd
aaabbdadc
aaabbdcad
aaabbdcda
aaabbddac
aaabbddca
aaabcabdd
aaabcadbd
aaabcaddb
aaabcbadd
aaabcbdad
aaabcbdda
aaabcdabd
aaabcdadb
aaabcdbad
aaabcdbda
aaabcddab
aaabcddba
aaabdabcd
aaabdabdc
aaabdacbd
aaabdacdb
aaabdadbc
aaabdadcb
aaabdbacd
aaabdbadc
aaabdbcad
aaabdbcda
aaabdbdac
aaabdbdca
aaabdcabd
aaabdcadb
aaabdcbad
aaabdcbda
aaabdcdab
aaabdcdba
aaabddabc
aaabddacb
aaabddbac
aaabddbca
aaabddcab
aaabddcba
aaacabbdd
aaacabdbd
aaacabddb
aaacadbbd
aaacadbdb
aaacaddbb
aaacbabdd
aaacbadbd
aaacbaddb
aaacbbadd
aaacbbdad
aaacbbdda
aaacbdabd
aaacbdadb
aaacbdbad
aaacbdbda
aaacbddab
aaacbddba
aaacdabbd
aaacdabdb
aaacdadbb
aaacdbabd
aaacdbadb
aaacdbbad
aaacdbbda
aaacdbdab
aaacdbdba
aaacddabb
aaacddbab
aaacddbba
aaadabbcd
aaadabbdc
aaadabcbd
aaadabcdb
aaadabdbc
aaadabdcb
aaadacbbd
aaadacbdb
aaadacdbb
aaadadbbc
aaadadbcb
aaadadcbb
aaadbabcd
aaadbabdc
aaadbacbd
aaadbacdb
aaadbadbc
aaadbadcb
aaadbbacd
aaadbbadc
aaadbbcad
aaadbbcda
aaadbbdac
aaadbbdca
aaadbcabd
aaadbcadb
aaadbcbad
aaadbcbda
aaadbcdab
aaadbcdba
aaadbdabc
aaadbdacb
aaadbdbac
aaadbdbca
aaadbdcab
aaadbdcba
aaadcabbd
aaadcabdb
aaadcadbb
aaadcbabd
aaadcbadb
aaadcbbad
aaadcbbda
aaadcbdab
aaadcbdba
aaadcdabb
aaadcdbab
aaadcdbba
aaaddabbc
aaaddabcb
aaaddacbb
aaaddbabc
aaaddbacb
aaaddbbac
aaaddbbca
aaaddbcab
aaaddbcba
aaaddcabb
aaaddcbab
aaaddcbba
aabaabcdd
aabaabdcd
aabaabddc
aabaacbdd
aabaacdbd
aabaacddb
aabaadbcd
aabaadbdc
aabaadcbd
aabaadcdb
aabaaddbc
aabaaddcb
aababacdd
aababadcd
aababaddc
aababcadd
aababcdad
aababcdda
aababdacd
aababdadc
aababdcad
aababdcda
aababddac
aababddca
aabacabdd
aabacadbd
aabacaddb
aabacbadd
aabacbdad
aabacbdda
aabacdabd
aabacdadb
aabacdbad
aabacdbda
aabacddab
aabacddba
aabadabcd
aabadabdc
aabadacbd
aabadacdb
aabadadbc
aabadadcb
aabadbacd
aabadbadc
aabadbcad
aabadbcda
aabadbdac
aabadbdca
aabadcabd
aabadcadb
aabadcbad
aabadcbda
aabadcdab
aabadcdba
aabaddabc
aabaddacb
aabaddbac
aabaddbca
aabaddcab
aabaddcba
aabbaacdd
aabbaadcd
aabbaaddc
aabbacadd
aabbacdad
aabbacdda
aabbadacd
aabbadadc
aabbadcad
aabbadcda
aabbaddac
aabbaddca
aabbcaadd
aabbcadad
aabbcadda
aabbcdaad
aabbcdada
aabbcddaa
aabbdaacd
aabbdaadc
aabbdacad
aabbdacda
aabbdadac
aabbdadca
aabbdcaad
aabbdcada
aabbdcdaa
aabbddaac
aabbddaca
aabbddcaa
aabcaabdd
aabcaadbd
aabcaaddb
aabcabadd
aabcabdad
aabcabdda
aabcadabd
aabcadadb
aabcadbad
aabcadbda
aabcaddab
aabcaddba
aabcbaadd
aabcbadad
aabcbadda
aabcbdaad
aabcbdada
aabcbddaa
aabcdaabd
aabcdaadb
aabcdabad
aabcdabda
aabcdadab
aabcdadba
aabcdbaad
aabcdbada
aabcdbdaa
aabcddaab
aabcddaba
aabcddbaa
aabdaabcd
aabdaabdc
aabdaacbd
aabdaacdb
aabdaadbc
aabdaadcb
aabdabacd
aabdabadc
aabdabcad
aabdabcda
aabdabdac
aabdabdca
aabdacabd
aabdacadb
aabdacbad
aabdacbda
aabdacdab
aabdacdba
aabdadabc
aabdadacb
aabdadbac
aabdadbca
aabdadcab
aabdadcba
aabdbaacd
aabdbaadc
aabdbacad
aabdbacda
aabdbadac
aabdbadca
aabdbcaad
aabdbcada
aabdbcdaa
aabdbdaac
aabdbdaca
aabdbdcaa
aabdcaabd
aabdcaadb
aabdcabad
aabdcabda
aabdcadab
aabdcadba
aabdcbaad
aabdcbada
aabdcbdaa
aabdcdaab
aabdcdaba
aabdcdbaa
aabddaabc
aabddaacb
aabddabac
aabddabca
aabddacab
aabddacba
aabddbaac
aabddbaca
aabddbcaa
aabddcaab
aabddcaba
aabddcbaa
aacaabbdd
aacaabdbd
aacaabddb
aacaadbbd
aacaadbdb
aacaaddbb
aacababdd
aacabadbd
aacabaddb
aacabbadd
aacabbdad
aacabbdda
aacabdabd
aacabdadb
aacabdbad
aacabdbda
aacabddab
aacabddba
aacadabbd
aacadabdb
aacadadbb
aacadbabd
aacadbadb
aacadbbad
aacadbbda
aacadbdab
aacadbdba
aacaddabb
aacaddbab
aacaddbba
aacbaabdd
aacbaadbd
aacbaaddb
aacbabadd
aacbabdad
aacbabdda
aacbadabd
aacbadadb
aacbadbad
aacbadbda
aacbaddab
aacbaddba
aacbbaadd
aacbbadad
aacbbadda
aacbbdaad
aacbbdada
aacbbddaa
aacbdaabd
aacbdaadb
aacbdabad
aacbdabda
aacbdadab
aacbdadba
aacbdbaad
aacbdbada
aacbdbdaa
aacbddaab
aacbddaba
aacbddbaa
aacdaabbd
aacdaabdb
aacdaadbb
aacdababd
aacdabadb
aacdabbad
aacdabbda
aacdabdab
aacdabdba
aacdadabb
aacdadbab
aacdadbba
aacdbaabd
aacdbaadb
aacdbabad
aacdbabda
aacdbadab
aacdbadba
aacdbbaad
aacdbbada
aacdbbdaa
aacdbdaab
aacdbdaba
aacdbdbaa
aacddaabb
aacddabab
aacddabba
aacddbaab
aacddbaba
aacddbbaa
aadaabbcd
aadaabbdc
aadaabcbd
aadaabcdb
aadaabdbc
aadaabdcb
aadaacbbd
aadaacbdb
aadaacdbb
aadaadbbc
aadaadbcb
aadaadcbb
aadababcd
aadababdc
aadabacbd
aadabacdb
aadabadbc
aadabadcb
aadabbacd
aadabbadc
aadabbcad
aadabbcda
aadabbdac
aadabbdca
aadabcabd
aadabcadb
aadabcbad
aadabcbda
aadabcdab
aadabcdba
aadabdabc
aadabdacb
aadabdbac
aadabdbca
aadabdcab
aadabdcba
aadacabbd
aadacabdb
aadacadbb
aadacbabd
aadacbadb
aadacbbad
aadacbbda
aadacbdab
aadacbdba
aadacdabb
aadacdbab
aadacdbba
aadadabbc
aadadabcb
aadadacbb
aadadbabc
aadadbacb
aadadbbac
aadadbbca
aadadbcab
aadadbcba
aadadcabb
aadadcbab
aadadcbba
aadbaabcd
aadbaabdc
aadbaacbd
aadbaacdb
aadbaadbc
aadbaadcb
aadbabacd
aadbabadc
aadbabcad
aadbabcda
aadbabdac
aadbabdca
aadbacabd
aadbacadb
aadbacbad
aadbacbda
aadbacdab
aadbacdba
aadbadabc
aadbadacb
aadbadbac
aadbadbca
aadbadcab
aadbadcba
aadbbaacd
aadbbaadc
aadbbacad
aadbbacda
aadbbadac
aadbbadca
aadbbcaad
aadbbcada
aadbbcdaa
aadbbdaac
aadbbdaca
aadbbdcaa
aadbcaabd
aadbcaadb
aadbcabad
aadbcabda
aadbcadab
aadbcadba
aadbcbaad
aadbcbada
aadbcbdaa
aadbcdaab
aadbcdaba
aadbcdbaa
aadbdaabc
aadbdaacb
aadbdabac
aadbdabca
aadbdacab
aadbdacba
aadbdbaac
aadbdbaca
aadbdbcaa
aadbdcaab
aadbdcaba
aadbdcbaa
aadcaabbd
aadcaabdb
aadcaadbb
aadcababd
aadcabadb
aadcabbad
aadcabbda
aadcabdab
aadcabdba
aadcadabb
aadcadbab
aadcadbba
aadcbaabd
aadcbaadb
aadcbabad
aadcbabda
aadcbadab
aadcbadba
aadcbbaad
aadcbbada
aadcbbdaa
aadcbdaab
aadcbdaba
aadcbdbaa
aadcdaabb
aadcdabab
aadcdabba
aadcdbaab
aadcdbaba
aadcdbbaa
aaddaabbc
aaddaabcb
aaddaacbb
aaddababc
aaddabacb
aaddabbac
aaddabbca
aaddabcab
aaddabcba
aaddacabb
aaddacbab
aaddacbba
aaddbaabc
aaddbaacb
aaddbabac
aaddbabca
aaddbacab
aaddbacba
aaddbbaac
aaddbbaca
aaddbbcaa
aaddbcaab
aaddbcaba
aaddbcbaa
aaddcaabb
aaddcabab
aaddcabba
aaddcbaab
aaddcbaba
aaddcbbaa
abaaabcdd
abaaabdcd
abaaabddc
abaaacbdd
abaaacdbd
abaaacddb
abaaadbcd
abaaadbdc
abaaadcbd
abaaadcdb
abaaaddbc
abaaaddcb
abaabacdd
abaabadcd
abaabaddc
abaabcadd
abaabcdad
abaabcdda
abaabdacd
abaabdadc
abaabdcad
abaabdcda
abaabddac
abaabddca
abaacabdd
abaacadbd
abaacaddb
abaacbadd
abaacbdad
abaacbdda
abaacdabd
abaacdadb
abaacdbad
abaacdbda
abaacddab
abaacddba
abaadabcd
abaadabdc
abaadacbd
abaadacdb
abaadadbc
abaadadcb
abaadbacd
abaadbadc
abaadbcad
abaadbcda
abaadbdac
abaadbdca
abaadcabd
abaadcadb
abaadcbad
abaadcbda
abaadcdab
abaadcdba
abaaddabc
abaaddacb
abaaddbac
abaaddbca
abaaddcab
abaaddcba
ababaacdd
ababaadcd
ababaaddc
ababacadd
ababacdad
ababacdda
ababadacd
ababadadc
ababadcad
ababadcda
ababaddac
ababaddca
ababcaadd
ababcadad
ababcadda
ababcdaad
ababcdada
ababcddaa
ababdaacd
ababdaadc
ababdacad
ababdacda
ababdadac
ababdadca
ababdcaad
ababdcada
ababdcdaa
ababddaac
ababddaca
ababddcaa
abacaabdd
abacaadbd
abacaaddb
abacabadd
abacabdad
abacabdda
abacadabd
abacadadb
abacadbad
abacadbda
abacaddab
abacaddba
abacbaadd
abacbadad
abacbadda
abacbdaad
abacbdada
abacbddaa
abacdaabd
abacdaadb
abacdabad
abacdabda
abacdadab
abacdadba
abacdbaad
abacdbada
abacdbdaa
abacddaab
abacddaba
abacddbaa
abadaabcd
abadaabdc
abadaacbd
abadaacdb
abadaadbc
abadaadcb
abadabacd
abadabadc
abadabcad
abadabcda
abadabdac
abadabdca
abadacabd
abadacadb
abadacbad
abadacbda
abadacdab
abadacdba
abadadabc
abadadacb
abadadbac
abadadbca
abadadcab
abadadcba
abadbaacd
abadbaadc
abadbacad
abadbacda
abadbadac
abadbadca
abadbcaad
abadbcada
abadbcdaa
abadbdaac
abadbdaca
abadbdcaa
abadcaabd
abadcaadb
abadcabad
abadcabda
abadcadab
abadcadba
abadcbaad
abadcbada
abadcbdaa
abadcdaab
abadcdaba
abadcdbaa
abaddaabc
abaddaacb
abaddabac
abaddabca
abaddacab
abaddacba
abaddbaac
abaddbaca
abaddbcaa
abaddcaab
abaddcaba
abaddcbaa
abbaaacdd
abbaaadcd
abbaaaddc
abbaacadd
abbaacdad
abbaacdda
abbaadacd
abbaadadc
abbaadcad
abbaadcda
abbaaddac
abbaaddca
abbacaadd
abbacadad
abbacadda
abbacdaad
abbacdada
abbacddaa
abbadaacd
abbadaadc
abbadacad
abbadacda
abbadadac
abbadadca
abbadcaad
abbadcada
abbadcdaa
abbaddaac
abbaddaca
abbaddcaa
abbcaaadd
abbcaadad
abbcaadda
abbcadaad
abbcadada
abbcaddaa
abbcdaaad
abbcdaada
abbcdadaa
abbcddaaa
abbdaaacd
abbdaaadc
abbdaacad
abbdaacda
abbdaadac
abbdaadca
abbdacaad
abbdacada
abbdacdaa
abbdadaac
abbdadaca
abbdadcaa
abbdcaaad
abbdcaada
abbdcadaa
abbdcdaaa
abbddaaac
abbddaaca
abbddacaa
abbddcaaa
abcaaabdd
abcaaadbd
abcaaaddb
abcaabadd
abcaabdad
abcaabdda
abcaadabd
abcaadadb
abcaadbad
abcaadbda
abcaaddab
abcaaddba
abcabaadd
abcabadad
abcabadda
abcabdaad
abcabdada
abcabddaa
abcadaabd
abcadaadb
abcadabad
abcadabda
abcadadab
abcadadba
abcadbaad
abcadbada
abcadbdaa
abcaddaab
abcaddaba
abcaddbaa
abcbaaadd
abcbaadad
abcbaadda
abcbadaad
abcbadada
abcbaddaa
abcbdaaad
abcbdaada
abcbdadaa
abcbddaaa
abcdaaabd
abcdaaadb
abcdaabad
abcdaabda
abcdaadab
abcdaadba
abcdabaad
abcdabada
abcdabdaa
abcdadaab
abcdadaba
abcdadbaa
abcdbaaad
abcdbaada
abcdbadaa
abcdbdaaa
abcddaaab
abcddaaba
abcddabaa
abcddbaaa
abdaaabcd
abdaaabdc
abdaaacbd
abdaaacdb
abdaaadbc
abdaaadcb
abdaabacd
abdaabadc
abdaabcad
abdaabcda
abdaabdac
abdaabdca
abdaacabd
abdaacadb
abdaacbad
abdaacbda
abdaacdab
abdaacdba
abdaadabc
abdaadacb
abdaadbac
abdaadbca
abdaadcab
abdaadcba
abdabaacd
abdabaadc
abdabacad
abdabacda
abdabadac
abdabadca
abdabcaad
abdabcada
abdabcdaa
abdabdaac
abdabdaca
abdabdcaa
abdacaabd
abdacaadb
abdacabad
abdacabda
abdacadab
abdacadba
abdacbaad
abdacbada
abdacbdaa
abdacdaab
abdacdaba
abdacdbaa
abdadaabc
abdadaacb
abdadabac
abdadabca
abdadacab
abdadacba
abdadbaac
abdadbaca
abdadbcaa
abdadcaab
abdadcaba
abdadcbaa
abdbaaacd
abdbaaadc
abdbaacad
abdbaacda
abdbaadac
abdbaadca
abdbacaad
abdbacada
abdbacdaa
abdbadaac
abdbadaca
abdbadcaa
abdbcaaad
abdbcaada
abdbcadaa
abdbcdaaa
abdbdaaac
abdbdaaca
abdbdacaa
abdbdcaaa
abdcaaabd
abdcaaadb
abdcaabad
abdcaabda
abdcaadab
abdcaadba
abdcabaad
abdcabada
abdcabdaa
abdcadaab
abdcadaba
abdcadbaa
abdcbaaad
abdcbaada
abdcbadaa
abdcbdaaa
abdcdaaab
abdcdaaba
abdcdabaa
abdcdbaaa
abddaaabc
abddaaacb
abddaabac
abddaabca
abddaacab
abddaacba
abddabaac
abddabaca
abddabcaa
abddacaab
abddacaba
abddacbaa
abddbaaac
abddbaaca
abddbacaa
abddbcaaa
abddcaaab
abddcaaba
abddcabaa
abddcbaaa
acaaabbdd
acaaabdbd
acaaabddb
acaaadbbd
acaaadbdb
acaaaddbb
acaababdd
acaabadbd
acaabaddb
acaabbadd
acaabbdad
acaabbdda
acaabdabd
acaabdadb
acaabdbad
acaabdbda
acaabddab
acaabddba
acaadabbd
acaadabdb
acaadadbb
acaadbabd
acaadbadb
acaadbbad
acaadbbda
acaadbdab
acaadbdba
acaaddabb
acaaddbab
acaaddbba
acabaabdd
acabaadbd
acabaaddb
acababadd
acababdad
acababdda
acabadabd
acabadadb
acabadbad
acabadbda
acabaddab
acabaddba
acabbaadd
acabbadad
acabbadda
acabbdaad
acabbdada
acabbddaa
acabdaabd
acabdaadb
acabdabad
acabdabda
acabdadab
acabdadba
acabdbaad
acabdbada
acabdbdaa
acabddaab
acabddaba
acabddbaa
acadaabbd
acadaabdb
acadaadbb
acadababd
acadabadb
acadabbad
acadabbda
acadabdab
acadabdba
acadadabb
acadadbab
acadadbba
acadbaabd
acadbaadb
acadbabad
acadbabda
acadbadab
acadbadba
acadbbaad
acadbbada
acadbbdaa
acadbdaab
acadbdaba
acadbdbaa
acaddaabb
acaddabab
acaddabba
acaddbaab
acaddbaba
acaddbbaa
acbaaabdd
acbaaadbd
acbaaaddb
acbaabadd
acbaabdad
acbaabdda
acbaadabd
acbaadadb
acbaadbad
acbaadbda
acbaaddab
acbaaddba
acbabaadd
acbabadad
acbabadda
acbabdaad
acbabdada
acbabddaa
acbadaabd
acbadaadb
acbadabad
acbadabda
acbadadab
acbadadba
acbadbaad
acbadbada
acbadbdaa
acbaddaab
acbaddaba
acbaddbaa
acbbaaadd
acbbaadad
acbbaadda
acbbadaad
acbbadada
acbbaddaa
acbbdaaad
acbbdaada
acbbdadaa
acbbddaaa
acbdaaabd
acbdaaadb
acbdaabad
acbdaabda
acbdaadab
acbdaadba
acbdabaad
acbdabada
acbdabdaa
acbdadaab
acbdadaba
acbdadbaa
acbdbaaad
acbdbaada
acbdbadaa
acbdbdaaa
acbddaaab
acbddaaba
acbddabaa
acbddbaaa
acdaaabbd
acdaaabdb
acdaaadbb
acdaababd
acdaabadb
acdaabbad
acdaabbda
acdaabdab
acdaabdba
acdaadabb
acdaadbab
acdaadbba
acdabaabd
acdabaadb
acdababad
acdababda
acdabadab
acdabadba
acdabbaad
acdabbada
acdabbdaa
acdabdaab
acdabdaba
acdabdbaa
acdadaabb
acdadabab
acdadabba
acdadbaab
acdadbaba
acdadbbaa
acdbaaabd
acdbaaadb
acdbaabad
acdbaabda
acdbaadab
acdbaadba
acdbabaad
acdbabada
acdbabdaa
acdbadaab
acdbadaba
acdbadbaa
acdbbaaad
acdbbaada
acdbbadaa
acdbbdaaa
acdbdaaab
acdbdaaba
acdbdabaa
acdbdbaaa
acddaaabb
acddaabab
acddaabba
acddabaab
acddababa
acddabbaa
acddbaaab
acddbaaba
acddbabaa
acddbbaaa
adaaabbcd
adaaabbdc
adaaabcbd
adaaabcdb
adaaabdbc
adaaabdcb
adaaacbbd
adaaacbdb
adaaacdbb
adaaadbbc
adaaadbcb
adaaadcbb
adaababcd
adaababdc
adaabacbd
adaabacdb
adaabadbc
adaabadcb
adaabbacd
adaabbadc
adaabbcad
adaabbcda
adaabbdac
adaabbdca
adaabcabd
adaabcadb
adaabcbad
adaabcbda
adaabcdab
adaabcdba
adaabdabc
adaabdacb
adaabdbac
adaabdbca
adaabdcab
adaabdcba
adaacabbd
adaacabdb
adaacadbb
adaacbabd
adaacbadb
adaacbbad
adaacbbda
adaacbdab
adaacbdba
adaacdabb
adaacdbab
adaacdbba
adaadabbc
adaadabcb
adaadacbb
adaadbabc
adaadbacb
adaadbbac
adaadbbca
adaadbcab
adaadbcba
adaadcabb
adaadcbab
adaadcbba
adabaabcd
adabaabdc
adabaacbd
adabaacdb
adabaadbc
adabaadcb
adababacd
adababadc
adababcad
adababcda
adababdac
adababdca
adabacabd
adabacadb
adabacbad
adabacbda
adabacdab
adabacdba
adabadabc
adabadacb
adabadbac
adabadbca
adabadcab
adabadcba
adabbaacd
adabbaadc
adabbacad
adabbacda
adabbadac
adabbadca
adabbcaad
adabbcada
adabbcdaa
adabbdaac
adabbdaca
adabbdcaa
adabcaabd
adabcaadb
adabcabad
adabcabda
adabcadab
adabcadba
adabcbaad
adabcbada
adabcbdaa
adabcdaab
adabcdaba
adabcdbaa
adabdaabc
adabdaacb
adabdabac
adabdabca
adabdacab
adabdacba
adabdbaac
adabdbaca
adabdbcaa
adabdcaab
adabdcaba
adabdcbaa
adacaabbd
adacaabdb
adacaadbb
adacababd
adacabadb
adacabbad
adacabbda
adacabdab
adacabdba
adacadabb
adacadbab
adacadbba
adacbaabd
adacbaadb
adacbabad
adacbabda
adacbadab
adacbadba
adacbbaad
adacbbada
adacbbdaa
adacbdaab
adacbdaba
adacbdbaa
adacdaabb
adacdabab
adacdabba
adacdbaab
adacdbaba
adacdbbaa
adadaabbc
adadaabcb
adadaacbb
adadababc
adadabacb
adadabbac
adadabbca
adadabcab
adadabcba
adadacabb
adadacbab
adadacbba
adadbaabc
adadbaacb
adadbabac
adadbabca
adadbacab
adadbacba
adadbbaac
adadbbaca
adadbbcaa
adadbcaab
adadbcaba
adadbcbaa
adadcaabb
adadcabab
adadcabba
adadcbaab
adadcbaba
adadcbbaa
adbaaabcd
adbaaabdc
adbaaacbd
adbaaacdb
adbaaadbc
adbaaadcb
adbaabacd
adbaabadc
adbaabcad
adbaabcda
adbaabdac
adbaabdca
adbaacabd
adbaacadb
adbaacbad
adbaacbda
adbaacdab
adbaacdba
adbaadabc
adbaadacb
adbaadbac
adbaadbca
adbaadcab
adbaadcba
adbabaacd
adbabaadc
adbabacad
adbabacda
adbabadac
adbabadca
adbabcaad
adbabcada
adbabcdaa
adbabdaac
adbabdaca
adbabdcaa
adbacaabd
adbacaadb
adbacabad
adbacabda
adbacadab
adbacadba
adbacbaad
adbacbada
adbacbdaa
adbacdaab
adbacdaba
adbacdbaa
adbadaabc
adbadaacb
adbadabac
adbadabca
adbadacab
adbadacba
adbadbaac
adbadbaca
adbadbcaa
adbadcaab
adbadcaba
adbadcbaa
adbbaaacd
adbbaaadc
adbbaacad
adbbaacda
adbbaadac
adbbaadca
adbbacaad
adbbacada
adbbacdaa
adbbadaac
adbbadaca
adbbadcaa
adbbcaaad
adbbcaada
adbbcadaa
adbbcdaaa
adbbdaaac
adbbdaaca
adbbdacaa
adbbdcaaa
adbcaaabd
adbcaaadb
adbcaabad
adbcaabda
adbcaadab
adbcaadba
adbcabaad
adbcabada
adbcabdaa
adbcadaab
adbcadaba
adbcadbaa
adbcbaaad
adbcbaada
adbcbadaa
adbcbdaaa
adbcdaaab
adbcdaaba
adbcdabaa
adbcdbaaa
adbdaaabc
adbdaaacb
adbdaabac
adbdaabca
adbdaacab
adbdaacba
adbdabaac
adbdabaca
adbdabcaa
adbdacaab
adbdacaba
adbdacbaa
adbdbaaac
adbdbaaca
adbdbacaa
adbdbcaaa
adbdcaaab
adbdcaaba
adbdcabaa
adbdcbaaa
adcaaabbd
adcaaabdb
adcaaadbb
adcaababd
adcaabadb
adcaabbad
adcaabbda
adcaabdab
adcaabdba
adcaadabb
adcaadbab
adcaadbba
adcabaabd
adcabaadb
adcababad
adcababda
adcabadab
adcabadba
adcabbaad
adcabbada
adcabbdaa
adcabdaab
adcabdaba
adcabdbaa
adcadaabb
adcadabab
adcadabba
adcadbaab
adcadbaba
adcadbbaa
adcbaaabd
adcbaaadb
adcbaabad
adcbaabda
adcbaadab
adcbaadba
adcbabaad
adcbabada
adcbabdaa
adcbadaab
adcbadaba
adcbadbaa
adcbbaaad
adcbbaada
adcbbadaa
adcbbdaaa
adcbdaaab
adcbdaaba
adcbdabaa
adcbdbaaa
adcdaaabb
adcdaabab
adcdaabba
adcdabaab
adcdababa
adcdabbaa
adcdbaaab
adcdbaaba
adcdbabaa
adcdbbaaa
addaaabbc
addaaabcb
addaaacbb
addaababc
addaabacb
addaabbac
addaabbca
addaabcab
addaabcba
addaacabb
addaacbab
addaacbba
addabaabc
addabaacb
addababac
addababca
addabacab
addabacba
addabbaac
addabbaca
addabbcaa
addabcaab
addabcaba
addabcbaa
addacaabb
addacabab
addacabba
addacbaab
addacbaba
addacbbaa
addbaaabc
addbaaacb
addbaabac
addbaabca
addbaacab
addbaacba
addbabaac
addbabaca
addbabcaa
addbacaab
addbacaba
addbacbaa
addbbaaac
addbbaaca
addbbacaa
addbbcaaa
addbcaaab
addbcaaba
addbcabaa
addbcbaaa
addcaaabb
addcaabab
addcaabba
addcabaab
addcababa
addcabbaa
addcbaaab
addcbaaba
addcbabaa
addcbbaaa
baaaabcdd
baaaabdcd
baaaabddc
baaaacbdd
baaaacdbd
baaaacddb
baaaadbcd
baaaadbdc
baaaadcbd
baaaadcdb
baaaaddbc
baaaaddcb
baaabacdd
baaabadcd
baaabaddc
baaabcadd
baaabcdad
baaabcdda
baaabdacd
baaabdadc
baaabdcad
baaabdcda
baaabddac
baaabddca
baaacabdd
baaacadbd
baaacaddb
baaacbadd
baaacbdad
baaacbdda
baaacdabd
baaacdadb
baaacdbad
baaacdbda
baaacddab
baaacddba
baaadabcd
baaadabdc
baaadacbd
baaadacdb
baaadadbc
baaadadcb
baaadbacd
baaadbadc
baaadbcad
baaadbcda
baaadbdac
baaadbdca
baaadcabd
baaadcadb
baaadcbad
baaadcbda
baaadcdab
baaadcdba
baaaddabc
baaaddacb
baaaddbac
baaaddbca
baaaddcab
baaaddcba
baabaacdd
baabaadcd
baabaaddc
baabacadd
baabacdad
baabacdda
baabadacd
baabadadc
baabadcad
baabadcda
baabaddac
baabaddca
baabcaadd
baabcadad
baabcadda
baabcdaad
baabcdada
baabcddaa
baabdaacd
baabdaadc
baabdacad
baabdacda
baabdadac
baabdadca
baabdcaad
baabdcada
baabdcdaa
baabddaac
baabddaca
baabddcaa
baacaabdd
baacaadbd
baacaaddb
baacabadd
baacabdad
baacabdda
baacadabd
baacadadb
baacadbad
baacadbda
baacaddab
baacaddba
baacbaadd
baacbadad
baacbadda
baacbdaad
baacbdada
baacbddaa
baacdaabd
baacdaadb
baacdabad
baacdabda
baacdadab
baacdadba
baacdbaad
baacdbada
baacdbdaa
baacddaab
baacddaba
baacddbaa
baadaabcd
baadaabdc
baadaacbd
baadaacdb
baadaadbc
baadaadcb
baadabacd
baadabadc
baadabcad
baadabcda
baadabdac
baadabdca
baadacabd
baadacadb
baadacbad
baadacbda
baadacdab
baadacdba
baadadabc
baadadacb
baadadbac
baadadbca
baadadcab
baadadcba
baadbaacd
baadbaadc
baadbacad
baadbacda
baadbadac
baadbadca
baadbcaad
baadbcada
baadbcdaa
baadbdaac
baadbdaca
baadbdcaa
baadcaabd
baadcaadb
baadcabad
baadcabda
baadcadab
baadcadba
baadcbaad
baadcbada
baadcbdaa
baadcdaab
baadcdaba
baadcdbaa
baaddaabc
baaddaacb
baaddabac
baaddabca
baaddacab
baaddacba
baaddbaac
baaddbaca
baaddbcaa
baaddcaab
baaddcaba
baaddcbaa
babaaacdd
babaaadcd
babaaaddc
babaacadd
babaacdad
babaacdda
babaadacd
babaadadc
babaadcad
babaadcda
babaaddac
babaaddca
babacaadd
babacadad
babacadda
babacdaad
babacdada
babacddaa
babadaacd
babadaadc
babadacad
babadacda
babadadac
babadadca
babadcaad
babadcada
babadcdaa
babaddaac
babaddaca
babaddcaa
babcaaadd
babcaadad
babcaadda
babcadaad
babcadada
babcaddaa
babcdaaad
babcdaada
babcdadaa
babcddaaa
babdaaacd
babdaaadc
babdaacad
babdaacda
babdaadac
babdaadca
babdacaad
babdacada
babdacdaa
babdadaac
babdadaca
babdadcaa
babdcaaad
babdcaada
babdcadaa
babdcdaaa
babddaaac
babddaaca
babddacaa
babddcaaa
bacaaabdd
bacaaadbd
bacaaaddb
bacaabadd
bacaabdad
bacaabdda
bacaadabd
bacaadadb
bacaadbad
bacaadbda
bacaaddab
bacaaddba
bacabaadd
bacabadad
bacabadda
bacabdaad
bacabdada
bacabddaa
bacadaabd
bacadaadb
bacadabad
bacadabda
bacadadab
bacadadba
bacadbaad
bacadbada
bacadbdaa
bacaddaab
bacaddaba
bacaddbaa
bacbaaadd
bacbaadad
bacbaadda
bacbadaad
bacbadada
bacbaddaa
bacbdaaad
bacbdaada
bacbdadaa
bacbddaaa
bacdaaabd
bacdaaadb
bacdaabad
bacdaabda
bacdaadab
bacdaadba
bacdabaad
bacdabada
bacdabdaa
bacdadaab
bacdadaba
bacdadbaa
bacdbaaad
bacdbaada
bacdbadaa
bacdbdaaa
bacddaaab
bacddaaba
bacddabaa
bacddbaaa
badaaabcd
badaaabdc
badaaacbd
badaaacdb
badaaadbc
badaaadcb
badaabacd
badaabadc
badaabcad
badaabcda
badaabdac
badaabdca
badaacabd
badaacadb
badaacbad
badaacbda
badaacdab
badaacdba
badaadabc
badaadacb
badaadbac
badaadbca
badaadcab
badaadcba
badabaacd
badabaadc
badabacad
badabacda
badabadac
badabadca
badabcaad
badabcada
badabcdaa
badabdaac
badabdaca
badabdcaa
badacaabd
badacaadb
badacabad
badacabda
badacadab
badacadba
badacbaad
badacbada
badacbdaa
badacdaab
badacdaba
badacdbaa
badadaabc
badadaacb
badadabac
badadabca
badadacab
badadacba
badadbaac
badadbaca
badadbcaa
badadcaab
badadcaba
badadcbaa
badbaaacd
badbaaadc
badbaacad
badbaacda
badbaadac
badbaadca
badbacaad
badbacada
badbacdaa
badbadaac
badbadaca
badbadcaa
badbcaaad
badbcaada
badbcadaa
badbcdaaa
badbdaaac
badbdaaca
badbdacaa
badbdcaaa
badcaaabd
badcaaadb
badcaabad
badcaabda
badcaadab
badcaadba
badcabaad
badcabada
badcabdaa
badcadaab
badcadaba
badcadbaa
badcbaaad
badcbaada
badcbadaa
badcbdaaa
badcdaaab
badcdaaba
badcdabaa
badcdbaaa
baddaaabc
baddaaacb
baddaabac
baddaabca
baddaacab
baddaacba
baddabaac
baddabaca
baddabcaa
baddacaab
baddacaba
baddacbaa
baddbaaac
baddbaaca
baddbacaa
baddbcaaa
baddcaaab
baddcaaba
baddcabaa
baddcbaaa
bbaaaacdd
bbaaaadcd
bbaaaaddc
bbaaacadd
bbaaacdad
bbaaacdda
bbaaadacd
bbaaadadc
bbaaadcad
bbaaadcda
bbaaaddac
bbaaaddca
bbaacaadd
bbaacadad
bbaacadda
bbaacdaad
bbaacdada
bbaacddaa
bbaadaacd
bbaadaadc
bbaadacad
bbaadacda
bbaadadac
bbaadadca
bbaadcaad
bbaadcada
bbaadcdaa
bbaaddaac
bbaaddaca
bbaaddcaa
bbacaaadd
bbacaadad
bbacaadda
bbacadaad
bbacadada
bbacaddaa
bbacdaaad
bbacdaada
bbacdadaa
bbacddaaa
bbadaaacd
bbadaaadc
bbadaacad
bbadaacda
bbadaadac
bbadaadca
bbadacaad
bbadacada
bbadacdaa
bbadadaac
bbadadaca
bbadadcaa
bbadcaaad
bbadcaada
bbadcadaa
bbadcdaaa
bbaddaaac
bbaddaaca
bbaddacaa
bbaddcaaa
bbcaaaadd
bbcaaadad
bbcaaadda
bbcaadaad
bbcaadada
bbcaaddaa
bbcadaaad
bbcadaada
bbcadadaa
bbcaddaaa
bbcdaaaad
bbcdaaada
bbcdaadaa
bbcdadaaa
bbcddaaaa
bbdaaaacd
bbdaaaadc
bbdaaacad
bbdaaacda
bbdaaadac
bbdaaadca
bbdaacaad
bbdaacada
bbdaacdaa
bbdaadaac
bbdaadaca
bbdaadcaa
bbdacaaad
bbdacaada
bbdacadaa
bbdacdaaa
bbdadaaac
bbdadaaca
bbdadacaa
bbdadcaaa
bbdcaaaad
bbdcaaada
bbdcaadaa
bbdcadaaa
bbdcdaaaa
bbddaaaac
bbddaaaca
bbddaacaa
bbddacaaa
bbddcaaaa
bcaaaabdd
bcaaaadbd
bcaaaaddb
bcaaabadd
bcaaabdad
bcaaabdda
bcaaadabd
bcaaadadb
bcaaadbad
bcaaadbda
bcaaaddab
bcaaaddba
bcaabaadd
bcaabadad
bcaabadda
bcaabdaad
bcaabdada
bcaabddaa
bcaadaabd
bcaadaadb
bcaadabad
bcaadabda
bcaadadab
bcaadadba
bcaadbaad
bcaadbada
bcaadbdaa
bcaaddaab
bcaaddaba
bcaaddbaa
bcabaaadd
bcabaadad
bcabaadda
bcabadaad
bcabadada
bcabaddaa
bcabdaaad
bcabdaada
bcabdadaa
bcabddaaa
bcadaaabd
bcadaaadb
bcadaabad
bcadaabda
bcadaadab
bcadaadba
bcadabaad
bcadabada
bcadabdaa
bcadadaab
bcadadaba
bcadadbaa
bcadbaaad
bcadbaada
bcadbadaa
bcadbdaaa
bcaddaaab
bcaddaaba
bcaddabaa
bcaddbaaa
bcbaaaadd
bcbaaadad
bcbaaadda
bcbaadaad
bcbaadada
bcbaaddaa
bcbadaaad
bcbadaada
bcbadadaa
bcbaddaaa
bcbdaaaad
bcbdaaada
bcbdaadaa
bcbdadaaa
bcbddaaaa
bcdaaaabd
bcdaaaadb
bcdaaabad
bcdaaabda
bcdaaadab
bcdaaadba
bcdaabaad
bcdaabada
bcdaabdaa
bcdaadaab
bcdaadaba
bcdaadbaa
bcdabaaad
bcdabaada
bcdabadaa
bcdabdaaa
bcdadaaab
bcdadaaba
bcdadabaa
bcdadbaaa
bcdbaaaad
bcdbaaada
bcdbaadaa
bcdbadaaa
bcdbdaaaa
bcddaaaab
bcddaaaba
bcddaabaa
bcddabaaa
bcddbaaaa
bdaaaabcd
bdaaaabdc
bdaaaacbd
bdaaaacdb
bdaaaadbc
bdaaaadcb
bdaaabacd
bdaaabadc
bdaaabcad
bdaaabcda
bdaaabdac
bdaaabdca
bdaaacabd
bdaaacadb
bdaaacbad
bdaaacbda
bdaaacdab
bdaaacdba
bdaaadabc
bdaaadacb
bdaaadbac
bdaaadbca
bdaaadcab
bdaaadcba
bdaabaacd
bdaabaadc
bdaabacad
bdaabacda
bdaabadac
bdaabadca
bdaabcaad
bdaabcada
bdaabcdaa
bdaabdaac
bdaabdaca
bdaabdcaa
bdaacaabd
bdaacaadb
bdaacabad
bdaacabda
bdaacadab
bdaacadba
bdaacbaad
bdaacbada
bdaacbdaa
bdaacdaab
bdaacdaba
bdaacdbaa
bdaadaabc
bdaadaacb
bdaadabac
bdaadabca
bdaadacab
bdaadacba
bdaadbaac
bdaadbaca
bdaadbcaa
bdaadcaab
bdaadcaba
bdaadcbaa
bdabaaacd
bdabaaadc
bdabaacad
bdabaacda
bdabaadac
bdabaadca
bdabacaad
bdabacada
bdabacdaa
bdabadaac
bdabadaca
bdabadcaa
bdabcaaad
bdabcaada
bdabcadaa
bdabcdaaa
bdabdaaac
bdabdaaca
bdabdacaa
bdabdcaaa
bdacaaabd
bdacaaadb
bdacaabad
bdacaabda
bdacaadab
bdacaadba
bdacabaad
bdacabada
bdacabdaa
bdacadaab
bdacadaba
bdacadbaa
bdacbaaad
bdacbaada
bdacbadaa
bdacbdaaa
bdacdaaab
bdacdaaba
bdacdabaa
bdacdbaaa
bdadaaabc
bdadaaacb
bdadaabac
bdadaabca
bdadaacab
bdadaacba
bdadabaac
bdadabaca
bdadabcaa
bdadacaab
bdadacaba
bdadacbaa
bdadbaaac
bdadbaaca
bdadbacaa
bdadbcaaa
bdadcaaab
bdadcaaba
bdadcabaa
bdadcbaaa
bdbaaaacd
bdbaaaadc
bdbaaacad
bdbaaacda
bdbaaadac
bdbaaadca
bdbaacaad
bdbaacada
bdbaacdaa
bdbaadaac
bdbaadaca
bdbaadcaa
bdbacaaad
bdbacaada
bdbacadaa
bdbacdaaa
bdbadaaac
bdbadaaca
bdbadacaa
bdbadcaaa
bdbcaaaad
bdbcaaada
bdbcaadaa
bdbcadaaa
bdbcdaaaa
bdbdaaaac
bdbdaaaca
bdbdaacaa
bdbdacaaa
bdbdcaaaa
bdcaaaabd
bdcaaaadb
bdcaaabad
bdcaaabda
bdcaaadab
bdcaaadba
bdcaabaad
bdcaabada
bdcaabdaa
bdcaadaab
bdcaadaba
bdcaadbaa
bdcabaaad
bdcabaada
bdcabadaa
bdcabdaaa
bdcadaaab
bdcadaaba
bdcadabaa
bdcadbaaa
bdcbaaaad
bdcbaaada
bdcbaadaa
bdcbadaaa
bdcbdaaaa
bdcdaaaab
bdcdaaaba
bdcdaabaa
bdcdabaaa
bdcdbaaaa
bddaaaabc
bddaaaacb
bddaaabac
bddaaabca
bddaaacab
bddaaacba
bddaabaac
bddaabaca
bddaabcaa
bddaacaab
bddaacaba
bddaacbaa
bddabaaac
bddabaaca
bddabacaa
bddabcaaa
bddacaaab
bddacaaba
bddacabaa
bddacbaaa
bddbaaaac
bddbaaaca
bddbaacaa
bddbacaaa
bddbcaaaa
bddcaaaab
bddcaaaba
bddcaabaa
bddcabaaa
bddcbaaaa
caaaabbdd
caaaabdbd
caaaabddb
caaaadbbd
caaaadbdb
caaaaddbb
caaababdd
caaabadbd
caaabaddb
caaabbadd
caaabbdad
caaabbdda
caaabdabd
caaabdadb
caaabdbad
caaabdbda
caaabddab
caaabddba
caaadabbd
caaadabdb
caaadadbb
caaadbabd
caaadbadb
caaadbbad
caaadbbda
caaadbdab
caaadbdba
caaaddabb
caaaddbab
caaaddbba
caabaabdd
caabaadbd
caabaaddb
caababadd
caababdad
caababdda
caabadabd
caabadadb
caabadbad
caabadbda
caabaddab
caabaddba
caabbaadd
caabbadad
caabbadda
caabbdaad
caabbdada
caabbddaa
caabdaabd
caabdaadb
caabdabad
caabdabda
caabdadab
caabdadba
caabdbaad
caabdbada
caabdbdaa
caabddaab
caabddaba
caabddbaa
caadaabbd
caadaabdb
caadaadbb
caadababd
caadabadb
caadabbad
caadabbda
caadabdab
caadabdba
caadadabb
caadadbab
caadadbba
caadbaabd
caadbaadb
caadbabad
caadbabda
caadbadab
caadbadba
caadbbaad
caadbbada
caadbbdaa
caadbdaab
caadbdaba
caadbdbaa
caaddaabb
caaddabab
caaddabba
caaddbaab
caaddbaba
caaddbbaa
cabaaabdd
cabaaadbd
cabaaaddb
cabaabadd
cabaabdad
cabaabdda
cabaadabd
cabaadadb
cabaadbad
cabaadbda
cabaaddab
cabaaddba
cababaadd
cababadad
cababadda
cababdaad
cababdada
cababddaa
cabadaabd
cabadaadb
cabadabad
cabadabda
cabadadab
cabadadba
cabadbaad
cabadbada
cabadbdaa
cabaddaab
cabaddaba
cabaddbaa
cabbaaadd
cabbaadad
cabbaadda
cabbadaad
cabbadada
cabbaddaa
cabbdaaad
cabbdaada
cabbdadaa
cabbddaaa
cabdaaabd
cabdaaadb
cabdaabad
cabdaabda
cabdaadab
cabdaadba
cabdabaad
cabdabada
cabdabdaa
cabdadaab
cabdadaba
cabdadbaa
cabdbaaad
cabdbaada
cabdbadaa
cabdbdaaa
cabddaaab
cabddaaba
cabddabaa
cabddbaaa
cadaaabbd
cadaaabdb
cadaaadbb
cadaababd
cadaabadb
cadaabbad
cadaabbda
cadaabdab
cadaabdba
cadaadabb
cadaadbab
cadaadbba
cadabaabd
cadabaadb
cadababad
cadababda
cadabadab
cadabadba
cadabbaad
cadabbada
cadabbdaa
cadabdaab
cadabdaba
cadabdbaa
cadadaabb
cadadabab
cadadabba
cadadbaab
cadadbaba
cadadbbaa
cadbaaabd
cadbaaadb
cadbaabad
cadbaabda
cadbaadab
cadbaadba
cadbabaad
cadbabada
cadbabdaa
cadbadaab
cadbadaba
cadbadbaa
cadbbaaad
cadbbaada
cadbbadaa
cadbbdaaa
cadbdaaab
cadbdaaba
cadbdabaa
cadbdbaaa
caddaaabb
caddaabab
caddaabba
caddabaab
caddababa
caddabbaa
caddbaaab
caddbaaba
caddbabaa
caddbbaaa
cbaaaabdd
cbaaaadbd
cbaaaaddb
cbaaabadd
cbaaabdad
cbaaabdda
cbaaadabd
cbaaadadb
cbaaadbad
cbaaadbda
cbaaaddab
cbaaaddba
cbaabaadd
cbaabadad
cbaabadda
cbaabdaad
cbaabdada
cbaabddaa
cbaadaabd
cbaadaadb
cbaadabad
cbaadabda
cbaadadab
cbaadadba
cbaadbaad
cbaadbada
cbaadbdaa
cbaaddaab
cbaaddaba
cbaaddbaa
cbabaaadd
cbabaadad
cbabaadda
cbabadaad
cbabadada
cbabaddaa
cbabdaaad
cbabdaada
cbabdadaa
cbabddaaa
cbadaaabd
cbadaaadb
cbadaabad
cbadaabda
cbadaadab
cbadaadba
cbadabaad
cbadabada
cbadabdaa
cbadadaab
cbadadaba
cbadadbaa
cbadbaaad
cbadbaada
cbadbadaa
cbadbdaaa
cbaddaaab
cbaddaaba
cbaddabaa
cbaddbaaa
cbbaaaadd
cbbaaadad
cbbaaadda
cbbaadaad
cbbaadada
cbbaaddaa
cbbadaaad
cbbadaada
cbbadadaa
cbbaddaaa
cbbdaaaad
cbbdaaada
cbbdaadaa
cbbdadaaa
cbbddaaaa
cbdaaaabd
cbdaaaadb
cbdaaabad
cbdaaabda
cbdaaadab
cbdaaadba
cbdaabaad
cbdaabada
cbdaabdaa
cbdaadaab
cbdaadaba
cbdaadbaa
cbdabaaad
cbdabaada
cbdabadaa
cbdabdaaa
cbdadaaab
cbdadaaba
cbdadabaa
cbdadbaaa
cbdbaaaad
cbdbaaada
cbdbaadaa
cbdbadaaa
cbdbdaaaa
cbddaaaab
cbddaaaba
cbddaabaa
cbddabaaa
cbddbaaaa
cdaaaabbd
cdaaaabdb
cdaaaadbb
cdaaababd
cdaaabadb
cdaaabbad
cdaaabbda
cdaaabdab
cdaaabdba
cdaaadabb
cdaaadbab
cdaaadbba
cdaabaabd
cdaabaadb
cdaababad
cdaababda
cdaabadab
cdaabadba
cdaabbaad
cdaabbada
cdaabbdaa
cdaabdaab
cdaabdaba
cdaabdbaa
cdaadaabb
cdaadabab
cdaadabba
cdaadbaab
cdaadbaba
cdaadbbaa
cdabaaabd
cdabaaadb
cdabaabad
cdabaabda
cdabaadab
cdabaadba
cdababaad
cdababada
cdababdaa
cdabadaab
cdabadaba
cdabadbaa
cdabbaaad
cdabbaada
cdabbadaa
cdabbdaaa
cdabdaaab
cdabdaaba
cdabdabaa
cdabdbaaa
cdadaaabb
cdadaabab
cdadaabba
cdadabaab
cdadababa
cdadabbaa
cdadbaaab
cdadbaaba
cdadbabaa
cdadbbaaa
cdbaaaabd
cdbaaaadb
cdbaaabad
cdbaaabda
cdbaaadab
cdbaaadba
cdbaabaad
cdbaabada
cdbaabdaa
cdbaadaab
cdbaadaba
cdbaadbaa
cdbabaaad
cdbabaada
cdbabadaa
cdbabdaaa
cdbadaaab
cdbadaaba
cdbadabaa
cdbadbaaa
cdbbaaaad
cdbbaaada
cdbbaadaa
cdbbadaaa
cdbbdaaaa
cdbdaaaab
cdbdaaaba
cdbdaabaa
cdbdabaaa
cdbdbaaaa
cddaaaabb
cddaaabab
cddaaabba
cddaabaab
cddaababa
cddaabbaa
cddabaaab
cddabaaba
cddababaa
cddabbaaa
cddbaaaab
cddbaaaba
cddbaabaa
cddbabaaa
cddbbaaaa
daaaabbcd
daaaabbdc
daaaabcbd
daaaabcdb
daaaabdbc
daaaabdcb
daaaacbbd
daaaacbdb
daaaacdbb
daaaadbbc
daaaadbcb
daaaadcbb
daaababcd
daaababdc
daaabacbd
daaabacdb
daaabadbc
daaabadcb
daaabbacd
daaabbadc
daaabbcad
daaabbcda
daaabbdac
daaabbdca
daaabcabd
daaabcadb
daaabcbad
daaabcbda
daaabcdab
daaabcdba
daaabdabc
daaabdacb
daaabdbac
daaabdbca
daaabdcab
daaabdcba
daaacabbd
daaacabdb
daaacadbb
daaacbabd
daaacbadb
daaacbbad
daaacbbda
daaacbdab
daaacbdba
daaacdabb
daaacdbab
daaacdbba
daaadabbc
daaadabcb
daaadacbb
daaadbabc
daaadbacb
daaadbbac
daaadbbca
daaadbcab
daaadbcba
daaadcabb
daaadcbab
daaadcbba
daabaabcd
daabaabdc
daabaacbd
daabaacdb
daabaadbc
daabaadcb
daababacd
daababadc
daababcad
daababcda
daababdac
daababdca
daabacabd
daabacadb
daabacbad
daabacbda
daabacdab
daabacdba
daabadabc
daabadacb
daabadbac
daabadbca
daabadcab
daabadcba
daabbaacd
daabbaadc
daabbacad
daabbacda
daabbadac
daabbadca
daabbcaad
daabbcada
daabbcdaa
daabbdaac
daabbdaca
daabbdcaa
daabcaabd
daabcaadb
daabcabad
daabcabda
daabcadab
daabcadba
daabcbaad
daabcbada
daabcbdaa
daabcdaab
daabcdaba
daabcdbaa
daabdaabc
daabdaacb
daabdabac
daabdabca
daabdacab
daabdacba
daabdbaac
daabdbaca
daabdbcaa
daabdcaab
daabdcaba
daabdcbaa
daacaabbd
daacaabdb
daacaadbb
daacababd
daacabadb
daacabbad
daacabbda
daacabdab
daacabdba
daacadabb
daacadbab
daacadbba
daacbaabd
daacbaadb
daacbabad
daacbabda
daacbadab
daacbadba
daacbbaad
daacbbada
daacbbdaa
daacbdaab
daacbdaba
daacbdbaa
daacdaabb
daacdabab
daacdabba
daacdbaab
daacdbaba
daacdbbaa
daadaabbc
daadaabcb
daadaacbb
daadababc
daadabacb
daadabbac
daadabbca
daadabcab
daadabcba
daadacabb
daadacbab
daadacbba
daadbaabc
daadbaacb
daadbabac
daadbabca
daadbacab
daadbacba
daadbbaac
daadbbaca
daadbbcaa
daadbcaab
daadbcaba
daadbcbaa
daadcaabb
daadcabab
daadcabba
daadcbaab
daadcbaba
daadcbbaa
dabaaabcd
dabaaabdc
dabaaacbd
dabaaacdb
dabaaadbc
dabaaadcb
dabaabacd
dabaabadc
dabaabcad
dabaabcda
dabaabdac
dabaabdca
dabaacabd
dabaacadb
dabaacbad
dabaacbda
dabaacdab
dabaacdba
dabaadabc
dabaadacb
dabaadbac
dabaadbca
dabaadcab
dabaadcba
dababaacd
dababaadc
dababacad
dababacda
dababadac
dababadca
dababcaad
dababcada
dababcdaa
dababdaac
dababdaca
dababdcaa
dabacaabd
dabacaadb
dabacabad
dabacabda
dabacadab
dabacadba
dabacbaad
dabacbada
dabacbdaa
dabacdaab
dabacdaba
dabacdbaa
dabadaabc
dabadaacb
dabadabac
dabadabca
dabadacab
dabadacba
dabadbaac
dabadbaca
dabadbcaa
dabadcaab
dabadcaba
dabadcbaa
dabbaaacd
dabbaaadc
dabbaacad
dabbaacda
dabbaadac
dabbaadca
dabbacaad
dabbacada
dabbacdaa
dabbadaac
dabbadaca
dabbadcaa
dabbcaaad
dabbcaada
dabbcadaa
dabbcdaaa
dabbdaaac
dabbdaaca
dabbdacaa
dabbdcaaa
dabcaaabd
dabcaaadb
dabcaabad
dabcaabda
dabcaadab
dabcaadba
dabcabaad
dabcabada
dabcabdaa
dabcadaab
dabcadaba
dabcadbaa
dabcbaaad
dabcbaada
dabcbadaa
dabcbdaaa
dabcdaaab
dabcdaaba
dabcdabaa
dabcdbaaa
dabdaaabc
dabdaaacb
dabdaabac
dabdaabca
dabdaacab
dabdaacba
dabdabaac
dabdabaca
dabdabcaa
dabdacaab
dabdacaba
dabdacbaa
dabdbaaac
dabdbaaca
dabdbacaa
dabdbcaaa
dabdcaaab
dabdcaaba
dabdcabaa
dabdcbaaa
dacaaabbd
dacaaabdb
dacaaadbb
dacaababd
dacaabadb
dacaabbad
dacaabbda
dacaabdab
dacaabdba
dacaadabb
dacaadbab
dacaadbba
dacabaabd
dacabaadb
dacababad
dacababda
dacabadab
dacabadba
dacabbaad
dacabbada
dacabbdaa
dacabdaab
dacabdaba
dacabdbaa
dacadaabb
dacadabab
dacadabba
dacadbaab
dacadbaba
dacadbbaa
dacbaaabd
dacbaaadb
dacbaabad
dacbaabda
dacbaadab
dacbaadba
dacbabaad
dacbabada
dacbabdaa
dacbadaab
dacbadaba
dacbadbaa
dacbbaaad
dacbbaada
dacbbadaa
dacbbdaaa
dacbdaaab
dacbdaaba
dacbdabaa
dacbdbaaa
dacdaaabb
dacdaabab
dacdaabba
dacdabaab
dacdababa
dacdabbaa
dacdbaaab
dacdbaaba
dacdbabaa
dacdbbaaa
dadaaabbc
dadaaabcb
dadaaacbb
dadaababc
dadaabacb
dadaabbac
dadaabbca
dadaabcab
dadaabcba
dadaacabb
dadaacbab
dadaacbba
dadabaabc
dadabaacb
dadababac
dadababca
dadabacab
dadabacba
dadabbaac
dadabbaca
dadabbcaa
dadabcaab
dadabcaba
dadabcbaa
dadacaabb
dadacabab
dadacabba
dadacbaab
dadacbaba
dadacbbaa
dadbaaabc
dadbaaacb
dadbaabac
dadbaabca
dadbaacab
dadbaacba
dadbabaac
dadbabaca
dadbabcaa
dadbacaab
dadbacaba
dadbacbaa
dadbbaaac
dadbbaaca
dadbbacaa
dadbbcaaa
dadbcaaab
dadbcaaba
dadbcabaa
dadbcbaaa
dadcaaabb
dadcaabab
dadcaabba
dadcabaab
dadcababa
dadcabbaa
dadcbaaab
dadcbaaba
dadcbabaa
dadcbbaaa
dbaaaabcd
dbaaaabdc
dbaaaacbd
dbaaaacdb
dbaaaadbc
dbaaaadcb
dbaaabacd
dbaaabadc
dbaaabcad
dbaaabcda
dbaaabdac
dbaaabdca
dbaaacabd
dbaaacadb
dbaaacbad
dbaaacbda
dbaaacdab
dbaaacdba
dbaaadabc
dbaaadacb
dbaaadbac
dbaaadbca
dbaaadcab
dbaaadcba
dbaabaacd
dbaabaadc
dbaabacad
dbaabacda
dbaabadac
dbaabadca
dbaabcaad
dbaabcada
dbaabcdaa
dbaabdaac
dbaabdaca
dbaabdcaa
dbaacaabd
dbaacaadb
dbaacabad
dbaacabda
dbaacadab
dbaacadba
dbaacbaad
dbaacbada
dbaacbdaa
dbaacdaab
dbaacdaba
dbaacdbaa
dbaadaabc
dbaadaacb
dbaadabac
dbaadabca
dbaadacab
dbaadacba
dbaadbaac
dbaadbaca
dbaadbcaa
dbaadcaab
dbaadcaba
dbaadcbaa
dbabaaacd
dbabaaadc
dbabaacad
dbabaacda
dbabaadac
dbabaadca
dbabacaad
dbabacada
dbabacdaa
dbabadaac
dbabadaca
dbabadcaa
dbabcaaad
dbabcaada
dbabcadaa
dbabcdaaa
dbabdaaac
dbabdaaca
dbabdacaa
dbabdcaaa
dbacaaabd
dbacaaadb
dbacaabad
dbacaabda
dbacaadab
dbacaadba
dbacabaad
dbacabada
dbacabdaa
dbacadaab
dbacadaba
dbacadbaa
dbacbaaad
dbacbaada
dbacbadaa
dbacbdaaa
dbacdaaab
dbacdaaba
dbacdabaa
dbacdbaaa
dbadaaabc
dbadaaacb
dbadaabac
dbadaabca
dbadaacab
dbadaacba
dbadabaac
dbadabaca
dbadabcaa
dbadacaab
dbadacaba
dbadacbaa
dbadbaaac
dbadbaaca
dbadbacaa
dbadbcaaa
dbadcaaab
dbadcaaba
dbadcabaa
dbadcbaaa
dbbaaaacd
dbbaaaadc
dbbaaacad
dbbaaacda
dbbaaadac
dbbaaadca
dbbaacaad
dbbaacada
dbbaacdaa
dbbaadaac
dbbaadaca
dbbaadcaa
dbbacaaad
dbbacaada
dbbacadaa
dbbacdaaa
dbbadaaac
dbbadaaca
dbbadacaa
dbbadcaaa
dbbcaaaad
dbbcaaada
dbbcaadaa
dbbcadaaa
dbbcdaaaa
dbbdaaaac
dbbdaaaca
dbbdaacaa
dbbdacaaa
dbbdcaaaa
dbcaaaabd
dbcaaaadb
dbcaaabad
dbcaaabda
dbcaaadab
dbcaaadba
dbcaabaad
dbcaabada
dbcaabdaa
dbcaadaab
dbcaadaba
dbcaadbaa
dbcabaaad
dbcabaada
dbcabadaa
dbcabdaaa
dbcadaaab
dbcadaaba
dbcadabaa
dbcadbaaa
dbcbaaaad
dbcbaaada
dbcbaadaa
dbcbadaaa
dbcbdaaaa
dbcdaaaab
dbcdaaaba
dbcdaabaa
dbcdabaaa
dbcdbaaaa
dbdaaaabc
dbdaaaacb
dbdaaabac
dbdaaabca
dbdaaacab
dbdaaacba
dbdaabaac
dbdaabaca
dbdaabcaa
dbdaacaab
dbdaacaba
dbdaacbaa
dbdabaaac
dbdabaaca
dbdabacaa
dbdabcaaa
dbdacaaab
dbdacaaba
dbdacabaa
dbdacbaaa
dbdbaaaac
dbdbaaaca
dbdbaacaa
dbdbacaaa
dbdbcaaaa
dbdcaaaab
dbdcaaaba
dbdcaabaa
dbdcabaaa
dbdcbaaaa
dcaaaabbd
dcaaaabdb
dcaaaadbb
dcaaababd
dcaaabadb
dcaaabbad
dcaaabbda
dcaaabdab
dcaaabdba
dcaaadabb
dcaaadbab
dcaaadbba
dcaabaabd
dcaabaadb
dcaababad
dcaababda
dcaabadab
dcaabadba
dcaabbaad
dcaabbada
dcaabbdaa
dcaabdaab
dcaabdaba
dcaabdbaa
dcaadaabb
dcaadabab
dcaadabba
dcaadbaab
dcaadbaba
dcaadbbaa
dcabaaabd
dcabaaadb
dcabaabad
dcabaabda
dcabaadab
dcabaadba
dcababaad
dcababada
dcababdaa
dcabadaab
dcabadaba
dcabadbaa
dcabbaaad
dcabbaada
dcabbadaa
dcabbdaaa
dcabdaaab
dcabdaaba
dcabdabaa
dcabdbaaa
dcadaaabb
dcadaabab
dcadaabba
dcadabaab
dcadababa
dcadabbaa
dcadbaaab
dcadbaaba
dcadbabaa
dcadbbaaa
dcbaaaabd
dcbaaaadb
dcbaaabad
dcbaaabda
dcbaaadab
dcbaaadba
dcbaabaad
dcbaabada
dcbaabdaa
dcbaadaab
dcbaadaba
dcbaadbaa
dcbabaaad
dcbabaada
dcbabadaa
dcbabdaaa
dcbadaaab
dcbadaaba
dcbadabaa
dcbadbaaa
dcbbaaaad
dcbbaaada
dcbbaadaa
dcbbadaaa
dcbbdaaaa
dcbdaaaab
dcbdaaaba
dcbdaabaa
dcbdabaaa
dcbdbaaaa
dcdaaaabb
dcdaaabab
dcdaaabba
dcdaabaab
dcdaababa
dcdaabbaa
dcdabaaab
dcdabaaba
dcdababaa
dcdabbaaa
dcdbaaaab
dcdbaaaba
dcdbaabaa
dcdbabaaa
dcdbbaaaa
ddaaaabbc
ddaaaabcb
ddaaaacbb
ddaaababc
ddaaabacb
ddaaabbac
ddaaabbca
ddaaabcab
ddaaabcba
ddaaacabb
ddaaacbab
ddaaacbba
ddaabaabc
ddaabaacb
ddaababac
ddaababca
ddaabacab
ddaabacba
ddaabbaac
ddaabbaca
ddaabbcaa
ddaabcaab
ddaabcaba
ddaabcbaa
ddaacaabb
ddaacabab
ddaacabba
ddaacbaab
ddaacbaba
ddaacbbaa
ddabaaabc
ddabaaacb
ddabaabac
ddabaabca
ddabaacab
ddabaacba
ddababaac
ddababaca
ddababcaa
ddabacaab
ddabacaba
ddabacbaa
ddabbaaac
ddabbaaca
ddabbacaa
ddabbcaaa
ddabcaaab
ddabcaaba
ddabcabaa
ddabcbaaa
ddacaaabb
ddacaabab
ddacaabba
ddacabaab
ddacababa
ddacabbaa
ddacbaaab
ddacbaaba
ddacbabaa
ddacbbaaa
ddbaaaabc
ddbaaaacb
ddbaaabac
ddbaaabca
ddbaaacab
ddbaaacba
ddbaabaac
ddbaabaca
ddbaabcaa
ddbaacaab
ddbaacaba
ddbaacbaa
ddbabaaac
ddbabaaca
ddbabacaa
ddbabcaaa
ddbacaaab
ddbacaaba
ddbacabaa
ddbacbaaa
ddbbaaaac
ddbbaaaca
ddbbaacaa
ddbbacaaa
ddbbcaaaa
ddbcaaaab
ddbcaaaba
ddbcaabaa
ddbcabaaa
ddbcbaaaa
ddcaaaabb
ddcaaabab
ddcaaabba
ddcaabaab
ddcaababa
ddcaabbaa
ddcabaaab
ddcabaaba
ddcababaa
ddcabbaaa
ddcbaaaab
ddcbaaaba
ddcbaabaa
ddcbabaaa
ddcbbaaaa
